INFO  Diffblue Cover 2026.01.01-SNAPSHOT-363c8f3-dev
INFO  
INFO  Command: issues
INFO  Output a prioritized list of issues.
INFO  
INFO  Discovered modules:
INFO  - net.finmath:finmath-smart-derivative-contract
INFO  
INFO  
INFO  [1/1] Diagnosing issues for module: net.finmath:finmath-smart-derivative-contract
INFO  =================================================================================
INFO  
INFO  Detected Java version 17.0.17
INFO  Selected build system: maven due to custom configuration file being present
INFO  Reading report file '/home/jbergqvist/diffblue/finmath-smart-derivative-contract/.diffblue/reports/report.json'
INFO  Copied report file to '/home/jbergqvist/diffblue/finmath-smart-derivative-contract/.diffblue/reports/report-20260114T142558.json'
INFO  
INFO  R013: No inputs found that don't throw a trivial exception
      Diffblue Cover tried to run the arrange/act section, but the test threw
      java.lang.NumberFormatException: Character array is missing "e" notation exponential mark.
          at java.math.BigDecimal.<init>(BigDecimal.java:645)
          at java.math.BigDecimal.<init>(BigDecimal.java:471)
          at java.math.BigDecimal.<init>(BigDecimal.java:900)
      In order to prevent the method under test
      from throwing NumberFormatException, add constructors or factory
      methods that make it easier to construct fully initialized objects used in
      the method under test.
      See https://diff.blue/R013 to resolve this issue.
      
INFO  Affected methods:
      net.finmath.smartcontract.settlement.Settlements.getNext:(Lnet/finmath/smartcontract/settlement/Settlement;)Ljava/util/Optional;
      net.finmath.smartcontract.settlement.Settlements.getPrevious:(Lnet/finmath/smartcontract/settlement/Settlement;)Ljava/util/Optional;
      
INFO  To resolve the issue, use the following prompt with your AI assistant:
      
      We are unit testing `net.finmath.smartcontract.settlement.Settlements.getNext:(Lnet/finmath/smartcontract/settlement/Settlement;)Ljava/util/Optional;`.
      
      Create a parameterless factory method for the problematic
      parameter/this object, determining which by reading the error message below.
      The new factory method should be in the test classpath, not production.
      Create a new factory class if there isn't already one for the class under test.
      Do not create a test yourself, only a factory (don't test the factory either).
      The factory method must be annotated with 
      `@com.diffblue.cover.annotations.InterestingTestFactory`.
      Avoid using mocks, these tend to produce unused stubbing errors or a
      `java.lang.NullPointerException`.
      If your environment has internet access then further documentation on
      factory methods for Cover can be found here:
      https://docs.diffblue.com/features/tutorials/increase-code-coverage#test-factory-pattern
      
      The factory should produce a parameter/this object such that
      the following exception does not occur:
      
      ```
      java.lang.NumberFormatException: Character array is missing "e" notation exponential mark.
        at java.math.BigDecimal.<init>(BigDecimal.java:645)
        at java.math.BigDecimal.<init>(BigDecimal.java:471)
        at java.math.BigDecimal.<init>(BigDecimal.java:900)
      ```
      
      Recompile the project to make sure the new factory / annotation / getter / etc
      is available to Cover.
      For example run `mvn install -DskipTests` or `gradle install -x test`.
      
INFO  
INFO  R013: No inputs found that don't throw a trivial exception
      Diffblue Cover tried to run the arrange/act section, but the test threw
      java.lang.ArrayIndexOutOfBoundsException: Index -1 out of bounds for length 7301
          at net.finmath.time.TimeDiscretizationFromArray.getTime(TimeDiscretizationFromArray.java:263)
          at net.finmath.smartcontract.valuation.oracle.simulated.BrownianMotionOracle.getValue(BrownianMotionOracle.java:120)
      In order to prevent the method under test
      from throwing ArrayIndexOutOfBoundsException, add constructors or factory
      methods that make it easier to construct fully initialized objects used in
      the method under test.
      See https://diff.blue/R013 to resolve this issue.
      
INFO  Affected methods:
      net.finmath.smartcontract.valuation.oracle.simulated.BrownianMotionOracle.<init>:()V
      
INFO  To resolve the issue, use the following prompt with your AI assistant:
      
      We are unit testing `net.finmath.smartcontract.valuation.oracle.simulated.BrownianMotionOracle.<init>:()V`.
      
      Create a parameterless factory method for the problematic
      parameter/this object, determining which by reading the error message below.
      The new factory method should be in the test classpath, not production.
      Create a new factory class if there isn't already one for the class under test.
      Do not create a test yourself, only a factory (don't test the factory either).
      The factory method must be annotated with 
      `@com.diffblue.cover.annotations.InterestingTestFactory`.
      Avoid using mocks, these tend to produce unused stubbing errors or a
      `java.lang.NullPointerException`.
      If your environment has internet access then further documentation on
      factory methods for Cover can be found here:
      https://docs.diffblue.com/features/tutorials/increase-code-coverage#test-factory-pattern
      
      The factory should produce a parameter/this object such that
      the following exception does not occur:
      
      ```
      java.lang.ArrayIndexOutOfBoundsException: Index -1 out of bounds for length 7301
        at net.finmath.time.TimeDiscretizationFromArray.getTime(TimeDiscretizationFromArray.java:263)
        at net.finmath.smartcontract.valuation.oracle.simulated.BrownianMotionOracle.getValue(BrownianMotionOracle.java:120)
      ```
      
      Recompile the project to make sure the new factory / annotation / getter / etc
      is available to Cover.
      For example run `mvn install -DskipTests` or `gradle install -x test`.
      
INFO  
INFO  R013: No inputs found that don't throw a trivial exception
      Diffblue Cover tried to run the arrange/act section, but the test threw
      java.lang.ArrayIndexOutOfBoundsException: Index 10 for process time discretization out of bounds.
          at net.finmath.montecarlo.process.MonteCarloProcessFromProcessModel.getTime(MonteCarloProcessFromProcessModel.java:95)
          at net.finmath.montecarlo.process.EulerSchemeFromProcessModel.doPrecalculateProcess(EulerSchemeFromProcessModel.java:205)
          at net.finmath.montecarlo.process.EulerSchemeFromProcessModel.getProcessValue(EulerSchemeFromProcessModel.java:136)
          at net.finmath.montecarlo.assetderivativevaluation.MonteCarloAssetModel.getAssetValue(MonteCarloAssetModel.java:87)
          at net.finmath.montecarlo.assetderivativevaluation.MonteCarloAssetModel.getAssetValue(MonteCarloAssetModel.java:82)
          at net.finmath.smartcontract.valuation.oracle.simulated.BrownianMotionOracle.getValue(BrownianMotionOracle.java:124)
      In order to prevent the method under test
      from throwing ArrayIndexOutOfBoundsException, add constructors or factory
      methods that make it easier to construct fully initialized objects used in
      the method under test.
      See https://diff.blue/R013 to resolve this issue.
      
INFO  Affected methods:
      net.finmath.smartcontract.valuation.oracle.simulated.BrownianMotionOracle.<init>:(Lnet/finmath/time/TimeDiscretization;Ljava/time/LocalDateTime;DDDI)V
      
INFO  To resolve the issue, use the following prompt with your AI assistant:
      
      We are unit testing `net.finmath.smartcontract.valuation.oracle.simulated.BrownianMotionOracle.<init>:(Lnet/finmath/time/TimeDiscretization;Ljava/time/LocalDateTime;DDDI)V`.
      
      Create a parameterless factory method for the problematic
      parameter/this object, determining which by reading the error message below.
      The new factory method should be in the test classpath, not production.
      Create a new factory class if there isn't already one for the class under test.
      Do not create a test yourself, only a factory (don't test the factory either).
      The factory method must be annotated with 
      `@com.diffblue.cover.annotations.InterestingTestFactory`.
      Avoid using mocks, these tend to produce unused stubbing errors or a
      `java.lang.NullPointerException`.
      If your environment has internet access then further documentation on
      factory methods for Cover can be found here:
      https://docs.diffblue.com/features/tutorials/increase-code-coverage#test-factory-pattern
      
      The factory should produce a parameter/this object such that
      the following exception does not occur:
      
      ```
      java.lang.ArrayIndexOutOfBoundsException: Index 10 for process time discretization out of bounds.
        at net.finmath.montecarlo.process.MonteCarloProcessFromProcessModel.getTime(MonteCarloProcessFromProcessModel.java:95)
        at net.finmath.montecarlo.process.EulerSchemeFromProcessModel.doPrecalculateProcess(EulerSchemeFromProcessModel.java:205)
        at net.finmath.montecarlo.process.EulerSchemeFromProcessModel.getProcessValue(EulerSchemeFromProcessModel.java:136)
        at net.finmath.montecarlo.assetderivativevaluation.MonteCarloAssetModel.getAssetValue(MonteCarloAssetModel.java:87)
        at net.finmath.montecarlo.assetderivativevaluation.MonteCarloAssetModel.getAssetValue(MonteCarloAssetModel.java:82)
        at net.finmath.smartcontract.valuation.oracle.simulated.BrownianMotionOracle.getValue(BrownianMotionOracle.java:124)
      ```
      
      Recompile the project to make sure the new factory / annotation / getter / etc
      is available to Cover.
      For example run `mvn install -DskipTests` or `gradle install -x test`.
      
INFO  
INFO  R002: Missing observers
      Diffblue Cover was unable to create an assertion.
      There are no fields that could be asserted on.
      
INFO  Affected methods:
      net.finmath.smartcontract.settlement.BigDecimalAdapter.<init>:()V
      
INFO  To resolve the issue, use the following prompt with your AI assistant:
      
      Fix the following issue preventing test creation for:
      net.finmath.smartcontract.settlement.BigDecimalAdapter.<init>:()V
      
      Diffblue Cover was unable to create an assertion.
      There are no fields that could be asserted on.
      
INFO  
INFO  R081: Exception in arrange section
      Diffblue Cover was unable to construct an instance of the class under test using
      net.finmath.smartcontract.product.SmartDerivativeContractDescriptor$Party.<init>(String, String, String, String).
      See https://diff.blue/R081 for further troubleshooting of this issue.
      
INFO  Affected methods:
      net.finmath.smartcontract.product.SmartDerivativeContractDescriptor$Party.<init>:(Ljava/lang/String;Ljava/lang/String;Ljava/lang/String;Ljava/lang/String;)V
      net.finmath.smartcontract.product.SmartDerivativeContractDescriptor$Party.getAddress:()Ljava/lang/String;
      net.finmath.smartcontract.product.SmartDerivativeContractDescriptor$Party.getHref:()Ljava/lang/String;
      net.finmath.smartcontract.product.SmartDerivativeContractDescriptor$Party.getId:()Ljava/lang/String;
      net.finmath.smartcontract.product.SmartDerivativeContractDescriptor$Party.getName:()Ljava/lang/String;
      net.finmath.smartcontract.product.SmartDerivativeContractDescriptor$Party.toString:()Ljava/lang/String;
      
INFO  To resolve the issue, use the following prompt with your AI assistant:
      
      Fix the following issue preventing test creation for:
      net.finmath.smartcontract.product.SmartDerivativeContractDescriptor$Party.<init>:(Ljava/lang/String;Ljava/lang/String;Ljava/lang/String;Ljava/lang/String;)V
      net.finmath.smartcontract.product.SmartDerivativeContractDescriptor$Party.getAddress:()Ljava/lang/String;
      net.finmath.smartcontract.product.SmartDerivativeContractDescriptor$Party.getHref:()Ljava/lang/String;
      net.finmath.smartcontract.product.SmartDerivativeContractDescriptor$Party.getId:()Ljava/lang/String;
      net.finmath.smartcontract.product.SmartDerivativeContractDescriptor$Party.getName:()Ljava/lang/String;
      net.finmath.smartcontract.product.SmartDerivativeContractDescriptor$Party.toString:()Ljava/lang/String;
      
      Diffblue Cover was unable to construct an instance of the class under test using
      net.finmath.smartcontract.product.SmartDerivativeContractDescriptor$Party.<init>(String, String, String, String).
      See https://diff.blue/R081 for further troubleshooting of this issue.
      
INFO  
INFO  R081: Exception in arrange section
      Diffblue Cover was unable to construct an instance of the class under test using
      net.finmath.smartcontract.settlement.SettlementGenerator.<init>().
      See https://diff.blue/R081 for further troubleshooting of this issue.
      
INFO  Affected methods:
      net.finmath.smartcontract.settlement.SettlementGenerator.<init>:()V
      net.finmath.smartcontract.settlement.SettlementGenerator.getSettlement:()Lnet/finmath/smartcontract/settlement/Settlement;
      
INFO  To resolve the issue, use the following prompt with your AI assistant:
      
      Fix the following issue preventing test creation for:
      net.finmath.smartcontract.settlement.SettlementGenerator.<init>:()V
      net.finmath.smartcontract.settlement.SettlementGenerator.getSettlement:()Lnet/finmath/smartcontract/settlement/Settlement;
      
      Diffblue Cover was unable to construct an instance of the class under test using
      net.finmath.smartcontract.settlement.SettlementGenerator.<init>().
      See https://diff.blue/R081 for further troubleshooting of this issue.
      
INFO  
INFO  R081: Exception in arrange section
      Diffblue Cover was unable to construct an instance of the class under test using
      net.finmath.smartcontract.settlement.SettlementInfo.<init>(String, BigDecimal).
      The arrange section threw
      java.lang.NumberFormatException: Character array is missing "e" notation exponential mark.
          at java.math.BigDecimal.<init>(BigDecimal.java:645)
          at java.math.BigDecimal.<init>(BigDecimal.java:471)
          at java.math.BigDecimal.<init>(BigDecimal.java:900)
      More information about the exception is provided in the support log.
      See https://diff.blue/R081 for further troubleshooting of this issue.
      
INFO  Affected methods:
      net.finmath.smartcontract.settlement.SettlementInfo.<init>:()V
      net.finmath.smartcontract.settlement.SettlementInfo.<init>:(Ljava/lang/String;Ljava/math/BigDecimal;)V
      net.finmath.smartcontract.settlement.SettlementInfo.getKey:()Ljava/lang/String;
      net.finmath.smartcontract.settlement.SettlementInfo.getValue:()Ljava/math/BigDecimal;
      net.finmath.smartcontract.settlement.SettlementInfo.setKey:(Ljava/lang/String;)V
      net.finmath.smartcontract.settlement.SettlementInfo.setValue:(Ljava/math/BigDecimal;)V
      
INFO  To resolve the issue, use the following prompt with your AI assistant:
      
      Fix the following issue preventing test creation for:
      net.finmath.smartcontract.settlement.SettlementInfo.<init>:()V
      net.finmath.smartcontract.settlement.SettlementInfo.<init>:(Ljava/lang/String;Ljava/math/BigDecimal;)V
      net.finmath.smartcontract.settlement.SettlementInfo.getKey:()Ljava/lang/String;
      net.finmath.smartcontract.settlement.SettlementInfo.getValue:()Ljava/math/BigDecimal;
      net.finmath.smartcontract.settlement.SettlementInfo.setKey:(Ljava/lang/String;)V
      net.finmath.smartcontract.settlement.SettlementInfo.setValue:(Ljava/math/BigDecimal;)V
      
      Diffblue Cover was unable to construct an instance of the class under test using
      net.finmath.smartcontract.settlement.SettlementInfo.<init>(String, BigDecimal).
      The arrange section threw
      java.lang.NumberFormatException: Character array is missing "e" notation exponential mark.
          at java.math.BigDecimal.<init>(BigDecimal.java:645)
          at java.math.BigDecimal.<init>(BigDecimal.java:471)
          at java.math.BigDecimal.<init>(BigDecimal.java:900)
      More information about the exception is provided in the support log.
      See https://diff.blue/R081 for further troubleshooting of this issue.
      
INFO  
INFO  R081: Exception in arrange section
      Diffblue Cover was unable to construct an instance of the class under test using
      net.finmath.smartcontract.settlement.ZonedDateTimeAdapter.<init>().
      See https://diff.blue/R081 for further troubleshooting of this issue.
      
INFO  Affected methods:
      net.finmath.smartcontract.settlement.ZonedDateTimeAdapter.<init>:()V
      
INFO  To resolve the issue, use the following prompt with your AI assistant:
      
      Fix the following issue preventing test creation for:
      net.finmath.smartcontract.settlement.ZonedDateTimeAdapter.<init>:()V
      
      Diffblue Cover was unable to construct an instance of the class under test using
      net.finmath.smartcontract.settlement.ZonedDateTimeAdapter.<init>().
      See https://diff.blue/R081 for further troubleshooting of this issue.
      
INFO  
INFO  R081: Exception in arrange section
      Diffblue Cover was unable to construct an instance of the class under test using
      net.finmath.smartcontract.valuation.implementation.MarginCalculator.<init>(DoubleUnaryOperator).
      See https://diff.blue/R081 for further troubleshooting of this issue.
      
INFO  Affected methods:
      net.finmath.smartcontract.valuation.implementation.MarginCalculator.<init>:(Ljava/util/function/DoubleUnaryOperator;)V
      net.finmath.smartcontract.valuation.implementation.MarginCalculator.getRounding:()Ljava/util/function/DoubleUnaryOperator;
      
INFO  To resolve the issue, use the following prompt with your AI assistant:
      
      Fix the following issue preventing test creation for:
      net.finmath.smartcontract.valuation.implementation.MarginCalculator.<init>:(Ljava/util/function/DoubleUnaryOperator;)V
      net.finmath.smartcontract.valuation.implementation.MarginCalculator.getRounding:()Ljava/util/function/DoubleUnaryOperator;
      
      Diffblue Cover was unable to construct an instance of the class under test using
      net.finmath.smartcontract.valuation.implementation.MarginCalculator.<init>(DoubleUnaryOperator).
      See https://diff.blue/R081 for further troubleshooting of this issue.
      
INFO  
INFO  R081: Exception in arrange section
      Diffblue Cover was unable to construct an instance of the class under test using
      net.finmath.smartcontract.valuation.marketdata.curvecalibration.CalibrationDataItem.<init>(Spec, Double, LocalDateTime).
      See https://diff.blue/R081 for further troubleshooting of this issue.
      
INFO  Affected methods:
      net.finmath.smartcontract.valuation.marketdata.curvecalibration.CalibrationDataItem.<init>:(Lnet/finmath/smartcontract/valuation/marketdata/curvecalibration/CalibrationDataItem$Spec;Ljava/lang/Double;Ljava/time/LocalDateTime;)V
      net.finmath.smartcontract.valuation.marketdata.curvecalibration.CalibrationDataItem.getDateTime:()Ljava/time/LocalDateTime;
      net.finmath.smartcontract.valuation.marketdata.curvecalibration.CalibrationDataItem.getQuote:()Ljava/lang/Double;
      net.finmath.smartcontract.valuation.marketdata.curvecalibration.CalibrationDataItem.getSpec:()Lnet/finmath/smartcontract/valuation/marketdata/curvecalibration/CalibrationDataItem$Spec;
      
INFO  To resolve the issue, use the following prompt with your AI assistant:
      
      Fix the following issue preventing test creation for:
      net.finmath.smartcontract.valuation.marketdata.curvecalibration.CalibrationDataItem.<init>:(Lnet/finmath/smartcontract/valuation/marketdata/curvecalibration/CalibrationDataItem$Spec;Ljava/lang/Double;Ljava/time/LocalDateTime;)V
      net.finmath.smartcontract.valuation.marketdata.curvecalibration.CalibrationDataItem.getDateTime:()Ljava/time/LocalDateTime;
      net.finmath.smartcontract.valuation.marketdata.curvecalibration.CalibrationDataItem.getQuote:()Ljava/lang/Double;
      net.finmath.smartcontract.valuation.marketdata.curvecalibration.CalibrationDataItem.getSpec:()Lnet/finmath/smartcontract/valuation/marketdata/curvecalibration/CalibrationDataItem$Spec;
      
      Diffblue Cover was unable to construct an instance of the class under test using
      net.finmath.smartcontract.valuation.marketdata.curvecalibration.CalibrationDataItem.<init>(Spec, Double, LocalDateTime).
      See https://diff.blue/R081 for further troubleshooting of this issue.
      
INFO  
INFO  R081: Exception in arrange section
      Diffblue Cover was unable to construct an instance of the class under test using
      net.finmath.smartcontract.valuation.marketdata.curvecalibration.CalibrationDataItem$Spec.<init>(String, String, String, String).
      See https://diff.blue/R081 for further troubleshooting of this issue.
      
INFO  Affected methods:
      net.finmath.smartcontract.valuation.marketdata.curvecalibration.CalibrationDataItem$Spec.<init>:(Ljava/lang/String;Ljava/lang/String;Ljava/lang/String;Ljava/lang/String;)V
      net.finmath.smartcontract.valuation.marketdata.curvecalibration.CalibrationDataItem$Spec.getCurveName:()Ljava/lang/String;
      net.finmath.smartcontract.valuation.marketdata.curvecalibration.CalibrationDataItem$Spec.getKey:()Ljava/lang/String;
      net.finmath.smartcontract.valuation.marketdata.curvecalibration.CalibrationDataItem$Spec.getMaturity:()Ljava/lang/String;
      net.finmath.smartcontract.valuation.marketdata.curvecalibration.CalibrationDataItem$Spec.getProductName:()Ljava/lang/String;
      
INFO  To resolve the issue, use the following prompt with your AI assistant:
      
      Fix the following issue preventing test creation for:
      net.finmath.smartcontract.valuation.marketdata.curvecalibration.CalibrationDataItem$Spec.<init>:(Ljava/lang/String;Ljava/lang/String;Ljava/lang/String;Ljava/lang/String;)V
      net.finmath.smartcontract.valuation.marketdata.curvecalibration.CalibrationDataItem$Spec.getCurveName:()Ljava/lang/String;
      net.finmath.smartcontract.valuation.marketdata.curvecalibration.CalibrationDataItem$Spec.getKey:()Ljava/lang/String;
      net.finmath.smartcontract.valuation.marketdata.curvecalibration.CalibrationDataItem$Spec.getMaturity:()Ljava/lang/String;
      net.finmath.smartcontract.valuation.marketdata.curvecalibration.CalibrationDataItem$Spec.getProductName:()Ljava/lang/String;
      
      Diffblue Cover was unable to construct an instance of the class under test using
      net.finmath.smartcontract.valuation.marketdata.curvecalibration.CalibrationDataItem$Spec.<init>(String, String, String, String).
      See https://diff.blue/R081 for further troubleshooting of this issue.
      
INFO  
INFO  R081: Exception in arrange section
      Diffblue Cover was unable to construct an instance of the class under test using
      net.finmath.smartcontract.valuation.marketdata.curvecalibration.CalibrationParserDataItems.<init>().
      See https://diff.blue/R081 for further troubleshooting of this issue.
      
INFO  Affected methods:
      net.finmath.smartcontract.valuation.marketdata.curvecalibration.CalibrationParserDataItems.<init>:()V
      
INFO  To resolve the issue, use the following prompt with your AI assistant:
      
      Fix the following issue preventing test creation for:
      net.finmath.smartcontract.valuation.marketdata.curvecalibration.CalibrationParserDataItems.<init>:()V
      
      Diffblue Cover was unable to construct an instance of the class under test using
      net.finmath.smartcontract.valuation.marketdata.curvecalibration.CalibrationParserDataItems.<init>().
      See https://diff.blue/R081 for further troubleshooting of this issue.
      
INFO  
INFO  R081: Exception in arrange section
      Diffblue Cover was unable to construct an instance of the class under test using
      net.finmath.smartcontract.valuation.marketdata.curvecalibration.CalibrationSpecProviderOis.<init>(String, String, double).
      See https://diff.blue/R081 for further troubleshooting of this issue.
      
INFO  Affected methods:
      net.finmath.smartcontract.valuation.marketdata.curvecalibration.CalibrationSpecProviderOis.<init>:(Ljava/lang/String;Ljava/lang/String;D)V
      net.finmath.smartcontract.valuation.marketdata.curvecalibration.CalibrationSpecProviderOis.getFrequency:()Ljava/lang/String;
      net.finmath.smartcontract.valuation.marketdata.curvecalibration.CalibrationSpecProviderOis.getMaturityLabel:()Ljava/lang/String;
      net.finmath.smartcontract.valuation.marketdata.curvecalibration.CalibrationSpecProviderOis.getSwapRate:()D
      
INFO  To resolve the issue, use the following prompt with your AI assistant:
      
      Fix the following issue preventing test creation for:
      net.finmath.smartcontract.valuation.marketdata.curvecalibration.CalibrationSpecProviderOis.<init>:(Ljava/lang/String;Ljava/lang/String;D)V
      net.finmath.smartcontract.valuation.marketdata.curvecalibration.CalibrationSpecProviderOis.getFrequency:()Ljava/lang/String;
      net.finmath.smartcontract.valuation.marketdata.curvecalibration.CalibrationSpecProviderOis.getMaturityLabel:()Ljava/lang/String;
      net.finmath.smartcontract.valuation.marketdata.curvecalibration.CalibrationSpecProviderOis.getSwapRate:()D
      
      Diffblue Cover was unable to construct an instance of the class under test using
      net.finmath.smartcontract.valuation.marketdata.curvecalibration.CalibrationSpecProviderOis.<init>(String, String, double).
      See https://diff.blue/R081 for further troubleshooting of this issue.
      
INFO  
INFO  R081: Exception in arrange section
      Diffblue Cover was unable to construct an instance of the class under test using
      net.finmath.smartcontract.valuation.marketdata.curvecalibration.CalibrationSpecProviderSwap.<init>(String, String, String, double).
      See https://diff.blue/R081 for further troubleshooting of this issue.
      
INFO  Affected methods:
      net.finmath.smartcontract.valuation.marketdata.curvecalibration.CalibrationSpecProviderSwap.<init>:(Ljava/lang/String;Ljava/lang/String;Ljava/lang/String;D)V
      net.finmath.smartcontract.valuation.marketdata.curvecalibration.CalibrationSpecProviderSwap.getFrequencyLabel:()Ljava/lang/String;
      net.finmath.smartcontract.valuation.marketdata.curvecalibration.CalibrationSpecProviderSwap.getMaturityLabel:()Ljava/lang/String;
      net.finmath.smartcontract.valuation.marketdata.curvecalibration.CalibrationSpecProviderSwap.getSwapRate:()D
      net.finmath.smartcontract.valuation.marketdata.curvecalibration.CalibrationSpecProviderSwap.getTenorLabel:()Ljava/lang/String;
      
INFO  To resolve the issue, use the following prompt with your AI assistant:
      
      Fix the following issue preventing test creation for:
      net.finmath.smartcontract.valuation.marketdata.curvecalibration.CalibrationSpecProviderSwap.<init>:(Ljava/lang/String;Ljava/lang/String;Ljava/lang/String;D)V
      net.finmath.smartcontract.valuation.marketdata.curvecalibration.CalibrationSpecProviderSwap.getFrequencyLabel:()Ljava/lang/String;
      net.finmath.smartcontract.valuation.marketdata.curvecalibration.CalibrationSpecProviderSwap.getMaturityLabel:()Ljava/lang/String;
      net.finmath.smartcontract.valuation.marketdata.curvecalibration.CalibrationSpecProviderSwap.getSwapRate:()D
      net.finmath.smartcontract.valuation.marketdata.curvecalibration.CalibrationSpecProviderSwap.getTenorLabel:()Ljava/lang/String;
      
      Diffblue Cover was unable to construct an instance of the class under test using
      net.finmath.smartcontract.valuation.marketdata.curvecalibration.CalibrationSpecProviderSwap.<init>(String, String, String, double).
      See https://diff.blue/R081 for further troubleshooting of this issue.
      
INFO  
INFO  R081: Exception in arrange section
      Diffblue Cover was unable to construct an instance of the class under test using
      net.finmath.smartcontract.valuation.marketdata.data.LocalDateTimeAdapter.<init>().
      See https://diff.blue/R081 for further troubleshooting of this issue.
      
INFO  Affected methods:
      net.finmath.smartcontract.valuation.marketdata.data.LocalDateTimeAdapter.<init>:()V
      
INFO  To resolve the issue, use the following prompt with your AI assistant:
      
      Fix the following issue preventing test creation for:
      net.finmath.smartcontract.valuation.marketdata.data.LocalDateTimeAdapter.<init>:()V
      
      Diffblue Cover was unable to construct an instance of the class under test using
      net.finmath.smartcontract.valuation.marketdata.data.LocalDateTimeAdapter.<init>().
      See https://diff.blue/R081 for further troubleshooting of this issue.
      
INFO  
INFO  R081: Exception in arrange section
      Diffblue Cover was unable to construct an instance of the class under test using
      net.finmath.smartcontract.valuation.marketdata.generators.WebSocketConnector.<init>(Properties).
      See https://diff.blue/R081 for further troubleshooting of this issue.
      
INFO  Affected methods:
      net.finmath.smartcontract.valuation.marketdata.generators.WebSocketConnector.<init>:(Ljava/util/Properties;)V
      net.finmath.smartcontract.valuation.marketdata.generators.WebSocketConnector.getAuthJson:()Lorg/json/JSONObject;
      
INFO  To resolve the issue, use the following prompt with your AI assistant:
      
      Fix the following issue preventing test creation for:
      net.finmath.smartcontract.valuation.marketdata.generators.WebSocketConnector.<init>:(Ljava/util/Properties;)V
      net.finmath.smartcontract.valuation.marketdata.generators.WebSocketConnector.getAuthJson:()Lorg/json/JSONObject;
      
      Diffblue Cover was unable to construct an instance of the class under test using
      net.finmath.smartcontract.valuation.marketdata.generators.WebSocketConnector.<init>(Properties).
      See https://diff.blue/R081 for further troubleshooting of this issue.
      
INFO  
INFO  16 issues were found and displayed
INFO  Rerun with --prompts --limit 10 --skip 10 to focus on a subset of the issues
INFO  Rerun without --prompts to summarise all the issues
INFO  
INFO  Log file: /home/jbergqvist/diffblue/finmath-smart-derivative-contract/.diffblue/log/user-20260114T145917.log
INFO  Finished in 3s
